// Jest Snapshot v1, https://goo.gl/fbAQLP

exports[`<Main /> should render the heading 1`] = `
<div>
  <main
    class="style__Wrapper-sc-sl8421-0 dWPloX"
  >
    <img
      alt="Imagem de um átomo e React avançado escrito ao lado."
      class="style__Logo-sc-sl8421-1 fnFzUc"
      src="/img/logo.svg"
    />
    <h1
      class="style__Title-sc-sl8421-2 JqQae"
    >
      React Avançado
    </h1>
    <h2
      class="style__Description-sc-sl8421-3 inAwit"
    >
      TypeScript, ReactJS, NextJS e Styled Components
    </h2>
    <img
      class="style__Illustration-sc-sl8421-4 dQtXQk"
      src="/img/hero-illustration.svg/"
    />
  </main>
</div>
`
